[15:33:25] [ServerMain/INFO]: [bootstrap] Running Java 21 (Java HotSpot(TM) 64-Bit Server VM 21.0.9+7-LTS-338; Oracle Corporation null) on Windows 10 10.0 (amd64)
[15:33:25] [ServerMain/INFO]: [bootstrap] Loading Paper 1.21.1-133-ver/1.21.1@3cb8529 (2025-03-28T16:14:36Z) for Minecraft 1.21.1
[15:33:26] [ServerMain/INFO]: [PluginInitializerManager] Initializing plugins...
[15:33:26] [ServerMain/INFO]: [PluginInitializerManager] Initialized 2 plugins
[15:33:26] [ServerMain/INFO]: [PluginInitializerManager] Bukkit plugins (2):
 - ModelEngine (R4.0.8), MythicMobs (5.10.0-${CI_COMMIT_SHORT_SHA})
[15:33:32] [ServerMain/INFO]: Environment: Environment[sessionHost=https://sessionserver.mojang.com, servicesHost=https://api.minecraftservices.com, name=PROD]
[15:33:34] [ServerMain/INFO]: Loaded 1290 recipes
[15:33:34] [ServerMain/INFO]: Loaded 1399 advancements
[15:33:35] [Server thread/INFO]: Starting minecraft server version 1.21.1
[15:33:35] [Server thread/INFO]: Loading properties
[15:33:35] [Server thread/INFO]: This server is running Paper version 1.21.1-133-ver/1.21.1@3cb8529 (2025-03-28T16:14:36Z) (Implementing API version 1.21.1-R0.1-SNAPSHOT)
[15:33:36] [Server thread/INFO]: [spark] This server bundles the spark profiler. For more information please visit https://docs.papermc.io/paper/profiling
[15:33:36] [Server thread/INFO]: Using 4 threads for Netty based IO
[15:33:36] [Server thread/INFO]: Server Ping Player Sample Count: 12
[15:33:37] [Server thread/INFO]: [ChunkTaskScheduler] Chunk system is using 1 I/O threads, 3 worker threads, and population gen parallelism of 3 threads
[15:33:37] [Server thread/INFO]: Default game type: SURVIVAL
[15:33:37] [Server thread/INFO]: Generating keypair
[15:33:37] [Server thread/INFO]: Starting Minecraft server on *:25565
[15:33:38] [Server thread/INFO]: Using default channel type
[15:33:38] [Server thread/INFO]: Paper: Using Java compression from Velocity.
[15:33:38] [Server thread/INFO]: Paper: Using Java cipher from Velocity.
[15:33:38] [Server thread/INFO]: [SpigotLibraryLoader] [MythicMobs] Loading 4 libraries... please wait
[15:33:38] [Server thread/INFO]: [SpigotLibraryLoader] [MythicMobs] Loaded library C:\Users\daniel\Documents\SERVERMINI\libraries\net\kyori\adventure-api\4.16.0\adventure-api-4.16.0.jar
[15:33:38] [Server thread/INFO]: [SpigotLibraryLoader] [MythicMobs] Loaded library C:\Users\daniel\Documents\SERVERMINI\libraries\net\kyori\adventure-key\4.16.0\adventure-key-4.16.0.jar
[15:33:38] [Server thread/INFO]: [SpigotLibraryLoader] [MythicMobs] Loaded library C:\Users\daniel\Documents\SERVERMINI\libraries\net\kyori\examination-api\1.3.0\examination-api-1.3.0.jar
[15:33:38] [Server thread/INFO]: [SpigotLibraryLoader] [MythicMobs] Loaded library C:\Users\daniel\Documents\SERVERMINI\libraries\net\kyori\examination-string\1.3.0\examination-string-1.3.0.jar
[15:33:38] [Server thread/INFO]: [SpigotLibraryLoader] [MythicMobs] Loaded library C:\Users\daniel\Documents\SERVERMINI\libraries\org\jetbrains\annotations\24.1.0\annotations-24.1.0.jar
[15:33:38] [Server thread/INFO]: [SpigotLibraryLoader] [MythicMobs] Loaded library C:\Users\daniel\Documents\SERVERMINI\libraries\net\kyori\adventure-platform-bukkit\4.3.2\adventure-platform-bukkit-4.3.2.jar
[15:33:38] [Server thread/INFO]: [SpigotLibraryLoader] [MythicMobs] Loaded library C:\Users\daniel\Documents\SERVERMINI\libraries\net\kyori\adventure-platform-api\4.3.2\adventure-platform-api-4.3.2.jar
[15:33:38] [Server thread/INFO]: [SpigotLibraryLoader] [MythicMobs] Loaded library C:\Users\daniel\Documents\SERVERMINI\libraries\net\kyori\adventure-text-serializer-bungeecord\4.3.2\adventure-text-serializer-bungeecord-4.3.2.jar
[15:33:38] [Server thread/INFO]: [SpigotLibraryLoader] [MythicMobs] Loaded library C:\Users\daniel\Documents\SERVERMINI\libraries\net\kyori\adventure-text-serializer-legacy\4.13.1\adventure-text-serializer-legacy-4.13.1.jar
[15:33:38] [Server thread/INFO]: [SpigotLibraryLoader] [MythicMobs] Loaded library C:\Users\daniel\Documents\SERVERMINI\libraries\net\kyori\adventure-nbt\4.13.1\adventure-nbt-4.13.1.jar
[15:33:38] [Server thread/INFO]: [SpigotLibraryLoader] [MythicMobs] Loaded library C:\Users\daniel\Documents\SERVERMINI\libraries\net\kyori\adventure-text-serializer-gson-legacy-impl\4.13.1\adventure-text-serializer-gson-legacy-impl-4.13.1.jar
[15:33:38] [Server thread/INFO]: [SpigotLibraryLoader] [MythicMobs] Loaded library C:\Users\daniel\Documents\SERVERMINI\libraries\net\kyori\adventure-platform-facet\4.3.2\adventure-platform-facet-4.3.2.jar
[15:33:38] [Server thread/INFO]: [SpigotLibraryLoader] [MythicMobs] Loaded library C:\Users\daniel\Documents\SERVERMINI\libraries\net\kyori\adventure-platform-viaversion\4.3.2\adventure-platform-viaversion-4.3.2.jar
[15:33:38] [Server thread/INFO]: [SpigotLibraryLoader] [MythicMobs] Loaded library C:\Users\daniel\Documents\SERVERMINI\libraries\net\kyori\adventure-text-minimessage\4.16.0\adventure-text-minimessage-4.16.0.jar
[15:33:38] [Server thread/INFO]: [SpigotLibraryLoader] [MythicMobs] Loaded library C:\Users\daniel\Documents\SERVERMINI\libraries\net\kyori\adventure-text-serializer-gson\4.16.0\adventure-text-serializer-gson-4.16.0.jar
[15:33:38] [Server thread/INFO]: [SpigotLibraryLoader] [MythicMobs] Loaded library C:\Users\daniel\Documents\SERVERMINI\libraries\net\kyori\adventure-text-serializer-json\4.16.0\adventure-text-serializer-json-4.16.0.jar
[15:33:38] [Server thread/INFO]: [SpigotLibraryLoader] [MythicMobs] Loaded library C:\Users\daniel\Documents\SERVERMINI\libraries\net\kyori\option\1.0.0\option-1.0.0.jar
[15:33:38] [Server thread/INFO]: [SpigotLibraryLoader] [MythicMobs] Loaded library C:\Users\daniel\Documents\SERVERMINI\libraries\com\google\code\gson\gson\2.8.0\gson-2.8.0.jar
[15:33:38] [Server thread/INFO]: [SpigotLibraryLoader] [ModelEngine] Loading 3 libraries... please wait
[15:33:38] [Server thread/INFO]: [SpigotLibraryLoader] [ModelEngine] Loaded library C:\Users\daniel\Documents\SERVERMINI\libraries\net\kyori\adventure-api\4.14.0\adventure-api-4.14.0.jar
[15:33:38] [Server thread/INFO]: [SpigotLibraryLoader] [ModelEngine] Loaded library C:\Users\daniel\Documents\SERVERMINI\libraries\net\kyori\adventure-key\4.14.0\adventure-key-4.14.0.jar
[15:33:38] [Server thread/INFO]: [SpigotLibraryLoader] [ModelEngine] Loaded library C:\Users\daniel\Documents\SERVERMINI\libraries\net\kyori\examination-api\1.3.0\examination-api-1.3.0.jar
[15:33:38] [Server thread/INFO]: [SpigotLibraryLoader] [ModelEngine] Loaded library C:\Users\daniel\Documents\SERVERMINI\libraries\net\kyori\examination-string\1.3.0\examination-string-1.3.0.jar
[15:33:38] [Server thread/INFO]: [SpigotLibraryLoader] [ModelEngine] Loaded library C:\Users\daniel\Documents\SERVERMINI\libraries\org\jetbrains\annotations\24.0.1\annotations-24.0.1.jar
[15:33:38] [Server thread/INFO]: [SpigotLibraryLoader] [ModelEngine] Loaded library C:\Users\daniel\Documents\SERVERMINI\libraries\net\kyori\adventure-text-serializer-gson\4.14.0\adventure-text-serializer-gson-4.14.0.jar
[15:33:38] [Server thread/INFO]: [SpigotLibraryLoader] [ModelEngine] Loaded library C:\Users\daniel\Documents\SERVERMINI\libraries\net\kyori\adventure-text-serializer-json\4.14.0\adventure-text-serializer-json-4.14.0.jar
[15:33:38] [Server thread/INFO]: [SpigotLibraryLoader] [ModelEngine] Loaded library C:\Users\daniel\Documents\SERVERMINI\libraries\com\google\code\gson\gson\2.8.0\gson-2.8.0.jar
[15:33:38] [Server thread/INFO]: [SpigotLibraryLoader] [ModelEngine] Loaded library C:\Users\daniel\Documents\SERVERMINI\libraries\net\kyori\adventure-text-serializer-bungeecord\4.3.0\adventure-text-serializer-bungeecord-4.3.0.jar
[15:33:38] [Server thread/INFO]: [SpigotLibraryLoader] [ModelEngine] Loaded library C:\Users\daniel\Documents\SERVERMINI\libraries\net\kyori\adventure-text-serializer-legacy\4.13.0\adventure-text-serializer-legacy-4.13.0.jar
[15:33:38] [Server thread/INFO]: [MythicMobs] Loading server plugin MythicMobs v5.10.0-${CI_COMMIT_SHORT_SHA}
[15:33:38] [Server thread/INFO]: [LumineUtils] (io.lumine.mythic.bukkit.utils.) is bound to plugin MythicMobs - io.lumine.mythic.bukkit.MythicBukkit
[15:33:39] [Server thread/INFO]: [MythicMobs] §x§f§f§0§0§0§0M§x§f§f§6§6§0§0y§x§f§f§c§c§0§0t§x§c§b§f§f§0§0h§x§6§5§f§f§0§0i§x§0§0§f§f§0§0c§x§0§0§f§f§6§6 §x§0§0§f§f§c§bE§x§0§0§c§b§f§fn§x§0§0§6§5§f§fa§x§0§0§0§0§f§fb§x§6§6§0§0§f§fl§x§c§c§0§0§f§fe§x§f§f§0§0§c§cd§x§f§f§0§0§6§6!
[15:33:39] [Server thread/INFO]: [ModelEngine] Loading server plugin ModelEngine vR4.0.8
[15:33:39] [Server thread/INFO]: Server permissions file permissions.yml is empty, ignoring it
[15:33:39] [Server thread/INFO]: [ModelEngine] Enabling ModelEngine vR4.0.8
[15:33:39] [Server thread/WARN]: [ModelEngine] [S] Unable to read the model ID cache file. If the file is missing, ignore this warning.
[15:33:39] [Server thread/WARN]: **** SERVER IS RUNNING IN OFFLINE/INSECURE MODE!
[15:33:39] [Server thread/WARN]: The server will make no attempt to authenticate usernames. Beware.
[15:33:39] [Server thread/WARN]: While this makes the game possible to play without internet access, it also opens up the ability for hackers to connect with any username they choose.
[15:33:39] [Server thread/WARN]: To change this, set "online-mode" to "true" in the server.properties file.
[15:33:39] [Server thread/INFO]: Preparing level "world"
[15:33:40] [Server thread/INFO]: Preparing start region for dimension minecraft:overworld
[15:33:41] [Server thread/INFO]: Time elapsed: 1309 ms
[15:33:41] [Server thread/INFO]: Preparing start region for dimension minecraft:the_nether
[15:33:41] [Server thread/INFO]: Time elapsed: 122 ms
[15:33:41] [Server thread/INFO]: Preparing start region for dimension minecraft:the_end
[15:33:41] [Server thread/INFO]: Time elapsed: 91 ms
[15:33:41] [Server thread/INFO]: [MythicMobs] Enabling MythicMobs v5.10.0-${CI_COMMIT_SHORT_SHA}
[15:33:41] [Server thread/INFO]: [MythicMobs] Loading MythicMobs for Paper (MC: 1.21.1)...
[15:33:41] [Server thread/INFO]: [MythicMobs] The server is running Paper; enabled Paper exclusive functionality
[15:33:46] [Server thread/INFO]: [MythicMobs] Loading Packs...
[15:33:46] [Server thread/INFO]: [MythicMobs] Loading Items...
[15:33:46] [Server thread/INFO]: [MythicMobs] Loading Item Groups...
[15:33:46] [Server thread/INFO]: [MythicMobs] Loading Skills...
[15:33:47] [Server thread/INFO]: [MythicMobs] Loading Drop Tables...
[15:33:47] [Server thread/INFO]: [MythicMobs] Loading Random Spawns...
[15:33:47] [Server thread/INFO]: [MythicMobs] Loading Spawn Blocks...
[15:33:47] [Server thread/INFO]: [MythicMobs] ✓ Loaded 26 mobs.
[15:33:47] [Server thread/INFO]: [MythicMobs] ✓ Loaded 3 vanilla mob overrides.
[15:33:47] [Server thread/INFO]: [MythicMobs] ✓ Loaded 0 mob stacks.
[15:33:47] [Server thread/INFO]: [MythicMobs] ✓ Loaded 55 skills.
[15:33:47] [Server thread/INFO]: [MythicMobs] ✓ Loaded 16 random spawns.
[15:33:47] [Server thread/INFO]: [MythicMobs] ✓ Loaded 4 mythic items.
[15:33:47] [Server thread/INFO]: [MythicMobs] ✓ Loaded 2 drop tables.
[15:33:47] [Server thread/INFO]: [MythicMobs] ✓ Loaded 0 mob spawners.
[15:33:47] [Server thread/INFO]: [MythicMobs] MythicMobs configuration file loaded successfully.
[15:33:48] [Server thread/INFO]: [MythicMobs] Started up bStats Metrics
[15:33:48] [Server thread/INFO]: [MythicMobs] ✓ MythicMobs v5.10.0 ( build ${CI_COMMIT_SHORT_SHA} ) has been successfully loaded!
[15:33:49] [Server thread/INFO]: [MythicMobs] Model Engine Compatibility Loaded.
[15:33:49] [Server thread/INFO]: [ModelEngine] [S] Compatibility applied: MythicMobs
[15:33:49] [Server thread/INFO]: [spark] Starting background profiler...
[15:33:49] [Server thread/INFO]: [spark] The async-profiler engine is not supported for your os/arch (windows10/amd64), so the built-in Java engine will be used instead.
[15:33:49] [Server thread/INFO]: Done preparing level "world" (9.544s)
[15:33:49] [Server thread/INFO]: Running delayed init tasks
[15:33:49] [Craft Scheduler Thread - 0 - ModelEngine/INFO]: [ModelEngine] [A] 
[15:33:49] [Craft Scheduler Thread - 0 - ModelEngine/INFO]: [ModelEngine] [A] [Importing models]
[15:33:49] [Craft Scheduler Thread - 0 - ModelEngine/WARN]: [ModelEngine] [A] Unable to read the model ID cache file. If the file is missing, ignore this warning.
[15:33:49] [Craft Scheduler Thread - 0 - ModelEngine/INFO]: [ModelEngine] [A] Generator Profiled:
[15:33:49] [Craft Scheduler Thread - 0 - ModelEngine/INFO]: [ModelEngine] [A]  - Import Phase: 330.668.668,1ms
[15:33:49] [Craft Scheduler Thread - 0 - ModelEngine/INFO]: [ModelEngine] [A]  - Assets Phase: 330.668.677,7ms
[15:33:49] [Craft Scheduler Thread - 0 - ModelEngine/INFO]: [ModelEngine] [A]  - Zipping Phase: 0,0ms
[15:33:49] [Server thread/INFO]: Done (25.177s)! For help, type "help"
[15:33:49] [Server thread/INFO]: Timings Reset
[15:33:55] [User Authenticator #0/INFO]: UUID of player danieldosantos88 is 8ecb397f-3239-30c8-8eca-04a6d0e364af
[15:33:56] [Server thread/INFO]: danieldosantos88 joined the game
[15:33:56] [Server thread/INFO]: danieldosantos88[/192.168.1.8:19106] logged in with entity id 190 at ([world]109132.22839470199, 50.0, 1101554.8833628865)
[15:38:54] [Server thread/INFO]: [Mythic] Reloading plugin...
[15:38:54] [Server thread/INFO]: [MythicMobs] Saving plugin data...
[15:38:54] [Server thread/INFO]: [MythicMobs] ✓Saving Finished
[15:38:54] [Server thread/INFO]: [MythicMobs] Loading Packs...
[15:38:54] [Server thread/INFO]: [MythicMobs] Loading Items...
[15:38:54] [Server thread/INFO]: [MythicMobs] Loading Item Groups...
[15:38:54] [Server thread/INFO]: [MythicMobs] Loading Skills...
[15:38:54] [Server thread/INFO]: [MythicMobs] Loading Drop Tables...
[15:38:54] [Server thread/INFO]: [MythicMobs] Loading Random Spawns...
[15:38:54] [Server thread/INFO]: [MythicMobs] Loading Spawn Blocks...
[15:38:54] [Server thread/INFO]: [MythicMobs] ✓ Loaded 26 mobs.
[15:38:54] [Server thread/INFO]: [MythicMobs] ✓ Loaded 3 vanilla mob overrides.
[15:38:54] [Server thread/INFO]: [MythicMobs] ✓ Loaded 0 mob stacks.
[15:38:54] [Server thread/INFO]: [MythicMobs] ✓ Loaded 55 skills.
[15:38:54] [Server thread/INFO]: [MythicMobs] ✓ Loaded 16 random spawns.
[15:38:54] [Server thread/INFO]: [MythicMobs] ✓ Loaded 4 mythic items.
[15:38:54] [Server thread/INFO]: [MythicMobs] ✓ Loaded 2 drop tables.
[15:38:54] [Server thread/INFO]: [MythicMobs] ✓ Loaded 0 mob spawners.
[15:38:54] [Server thread/INFO]: [Mythic] Mythic has finished reloading!
[15:38:54] [Server thread/INFO]: [MythicMobs] Mythic has finished reloading!
[15:42:39] [Server thread/INFO]: [Mythic] Reloading plugin...
[15:42:39] [Server thread/INFO]: [MythicMobs] Saving plugin data...
[15:42:39] [Server thread/INFO]: [MythicMobs] ✓Saving Finished
[15:42:39] [Server thread/INFO]: [MythicMobs] Loading Packs...
[15:42:39] [Server thread/INFO]: [MythicMobs] Loading Items...
[15:42:39] [Server thread/INFO]: [MythicMobs] Loading Item Groups...
[15:42:39] [Server thread/INFO]: [MythicMobs] Loading Skills...
[15:42:39] [Server thread/INFO]: [MythicMobs] Loading Drop Tables...
[15:42:39] [Server thread/INFO]: [MythicMobs] Loading Random Spawns...
[15:42:39] [Server thread/WARN]: [MythicMobs] ✗ Configuration Error in RandomSpawn RandomSpawns
[15:42:39] [Server thread/WARN]: [MythicMobs] --| File: Unknown
[15:42:39] [Server thread/WARN]: [MythicMobs] --| Error Message: No valid mob types configured
[15:42:39] [Server thread/WARN]: [MythicMobs] ✗ Configuration Error in RandomSpawn RandomSpawns
[15:42:39] [Server thread/WARN]: [MythicMobs] --| File: Unknown
[15:42:39] [Server thread/WARN]: [MythicMobs] --| Error Message: No valid mob types configured
[15:42:39] [Server thread/INFO]: [MythicMobs] Loading Spawn Blocks...
[15:42:39] [Server thread/INFO]: [MythicMobs] ✓ Loaded 26 mobs.
[15:42:39] [Server thread/INFO]: [MythicMobs] ✓ Loaded 3 vanilla mob overrides.
[15:42:39] [Server thread/INFO]: [MythicMobs] ✓ Loaded 0 mob stacks.
[15:42:39] [Server thread/INFO]: [MythicMobs] ✓ Loaded 55 skills.
[15:42:39] [Server thread/INFO]: [MythicMobs] ✓ Loaded 0 random spawns.
[15:42:39] [Server thread/INFO]: [MythicMobs] ✓ Loaded 4 mythic items.
[15:42:39] [Server thread/INFO]: [MythicMobs] ✓ Loaded 2 drop tables.
[15:42:39] [Server thread/INFO]: [MythicMobs] ✓ Loaded 0 mob spawners.
[15:42:39] [Server thread/INFO]: [Mythic] Mythic has finished reloading!
[15:42:39] [Server thread/INFO]: [MythicMobs] Mythic has finished reloading!
[15:47:55] [Server thread/INFO]: [Mythic] Reloading plugin...
[15:47:55] [Server thread/INFO]: [MythicMobs] Saving plugin data...
[15:47:55] [Server thread/INFO]: [MythicMobs] ✓Saving Finished
[15:47:55] [Server thread/INFO]: [MythicMobs] Loading Packs...
[15:47:56] [Server thread/INFO]: [MythicMobs] Loading Items...
[15:47:56] [Server thread/INFO]: [MythicMobs] Loading Item Groups...
[15:47:56] [Server thread/INFO]: [MythicMobs] Loading Skills...
[15:47:56] [Server thread/INFO]: [MythicMobs] Loading Drop Tables...
[15:47:56] [Server thread/INFO]: [MythicMobs] Loading Random Spawns...
[15:47:56] [Server thread/INFO]: [MythicMobs] File ExampleRandomSpawns.yml not found! Creating a new one...
[15:47:56] [Server thread/WARN]: [MythicMobs] ✗ Configuration Error in RandomSpawn RandomSpawns
[15:47:56] [Server thread/WARN]: [MythicMobs] --| File: Unknown
[15:47:56] [Server thread/WARN]: [MythicMobs] --| Error Message: No valid mob types configured
[15:47:56] [Server thread/WARN]: [MythicMobs] ✗ Configuration Error in RandomSpawn RandomSpawns
[15:47:56] [Server thread/WARN]: [MythicMobs] --| File: Unknown
[15:47:56] [Server thread/WARN]: [MythicMobs] --| Error Message: No valid mob types configured
[15:47:56] [Server thread/INFO]: [MythicMobs] Loading Spawn Blocks...
[15:47:56] [Server thread/INFO]: [MythicMobs] ✓ Loaded 26 mobs.
[15:47:56] [Server thread/INFO]: [MythicMobs] ✓ Loaded 3 vanilla mob overrides.
[15:47:56] [Server thread/INFO]: [MythicMobs] ✓ Loaded 0 mob stacks.
[15:47:56] [Server thread/INFO]: [MythicMobs] ✓ Loaded 55 skills.
[15:47:56] [Server thread/INFO]: [MythicMobs] ✓ Loaded 0 random spawns.
[15:47:56] [Server thread/INFO]: [MythicMobs] ✓ Loaded 4 mythic items.
[15:47:56] [Server thread/INFO]: [MythicMobs] ✓ Loaded 2 drop tables.
[15:47:56] [Server thread/INFO]: [MythicMobs] ✓ Loaded 0 mob spawners.
[15:47:56] [Server thread/INFO]: [Mythic] Mythic has finished reloading!
[15:47:56] [Server thread/INFO]: [MythicMobs] Mythic has finished reloading!
[15:48:21] [Server thread/INFO]: Named entity WitherSkeleton['Skeletal Knight'/458988, uuid='dc48d84e-9461-4de9-a723-54602d3e45bd', l='ServerLevel[world]', x=109473.50, y=27.00, z=1101593.50, cpos=[6842, 68849], tl=441, v=true] died: Skeletal Knight suffocated in a wall
[15:48:22] [Server thread/INFO]: Named entity WitherSkeleton['Skeletal Knight'/459837, uuid='cb2edb7f-808e-4883-b53a-7f8f32fe93c8', l='ServerLevel[world]', x=109366.50, y=48.00, z=1101678.50, cpos=[6835, 68854], tl=445, v=true] died: Skeletal Knight suffocated in a wall
[15:48:34] [Server thread/INFO]: Named entity WitherSkeleton['Skeletal Knight'/466052, uuid='954f18f4-d0d0-4cf2-9dd1-79794908f637', l='ServerLevel[world]', x=109526.50, y=44.00, z=1101665.50, cpos=[6845, 68854], tl=452, v=true] died: Skeletal Knight suffocated in a wall
[15:48:34] [Server thread/INFO]: Named entity WitherSkeleton['Skeletal Knight'/466229, uuid='ba6d54fe-4ab9-451e-ad54-ececfb0e4bf6', l='ServerLevel[world]', x=109390.50, y=27.00, z=1101519.50, cpos=[6836, 68844], tl=448, v=true] died: Skeletal Knight suffocated in a wall
[15:48:52] [Server thread/INFO]: [Mythic] Reloading plugin...
[15:48:52] [Server thread/INFO]: [MythicMobs] Saving plugin data...
[15:48:52] [Server thread/INFO]: [MythicMobs] ✓Saving Finished
[15:48:52] [Server thread/INFO]: [MythicMobs] Loading Packs...
[15:48:52] [Server thread/INFO]: [MythicMobs] Loading Items...
[15:48:52] [Server thread/INFO]: [MythicMobs] Loading Item Groups...
[15:48:52] [Server thread/INFO]: [MythicMobs] Loading Skills...
[15:48:52] [Server thread/INFO]: [MythicMobs] Loading Drop Tables...
[15:48:52] [Server thread/INFO]: [MythicMobs] Loading Random Spawns...
[15:48:52] [Server thread/WARN]: [MythicMobs] ✗ Configuration Error in RandomSpawn RandomSpawns
[15:48:52] [Server thread/WARN]: [MythicMobs] --| File: Unknown
[15:48:52] [Server thread/WARN]: [MythicMobs] --| Error Message: No valid mob types configured
[15:48:52] [Server thread/WARN]: [MythicMobs] ✗ Configuration Error in RandomSpawn RandomSpawns
[15:48:52] [Server thread/WARN]: [MythicMobs] --| File: Unknown
[15:48:52] [Server thread/WARN]: [MythicMobs] --| Error Message: No valid mob types configured
[15:48:52] [Server thread/WARN]: [MythicMobs] ✗ Configuration Error in RandomSpawn RandomSpawns
[15:48:52] [Server thread/WARN]: [MythicMobs] --| File: Unknown
[15:48:52] [Server thread/WARN]: [MythicMobs] --| Error Message: No valid mob types configured
[15:48:52] [Server thread/WARN]: [MythicMobs] ✗ Configuration Error in RandomSpawn RandomSpawns
[15:48:52] [Server thread/WARN]: [MythicMobs] --| File: Unknown
[15:48:52] [Server thread/WARN]: [MythicMobs] --| Error Message: No valid mob types configured
[15:48:52] [Server thread/INFO]: [MythicMobs] Loading Spawn Blocks...
[15:48:52] [Server thread/INFO]: [MythicMobs] ✓ Loaded 26 mobs.
[15:48:52] [Server thread/INFO]: [MythicMobs] ✓ Loaded 3 vanilla mob overrides.
[15:48:52] [Server thread/INFO]: [MythicMobs] ✓ Loaded 0 mob stacks.
[15:48:52] [Server thread/INFO]: [MythicMobs] ✓ Loaded 55 skills.
[15:48:52] [Server thread/INFO]: [MythicMobs] ✓ Loaded 0 random spawns.
[15:48:52] [Server thread/INFO]: [MythicMobs] ✓ Loaded 4 mythic items.
[15:48:52] [Server thread/INFO]: [MythicMobs] ✓ Loaded 2 drop tables.
[15:48:52] [Server thread/INFO]: [MythicMobs] ✓ Loaded 0 mob spawners.
[15:48:52] [Server thread/INFO]: [Mythic] Mythic has finished reloading!
[15:48:52] [Server thread/INFO]: [MythicMobs] Mythic has finished reloading!
[15:51:57] [Server thread/INFO]: [Mythic] Reloading plugin...
[15:51:57] [Server thread/INFO]: [MythicMobs] Saving plugin data...
[15:51:57] [Server thread/INFO]: [MythicMobs] ✓Saving Finished
[15:51:57] [Server thread/INFO]: [MythicMobs] Loading Packs...
[15:51:57] [Server thread/INFO]: [MythicMobs] Loading Items...
[15:51:57] [Server thread/INFO]: [MythicMobs] Loading Item Groups...
[15:51:57] [Server thread/INFO]: [MythicMobs] Loading Skills...
[15:51:57] [Server thread/INFO]: [MythicMobs] Loading Drop Tables...
[15:51:57] [Server thread/INFO]: [MythicMobs] Loading Random Spawns...
[15:51:57] [Server thread/WARN]: [MythicMobs] ✗ Configuration Error in RandomSpawn RandomSpawns
[15:51:57] [Server thread/WARN]: [MythicMobs] --| File: Unknown
[15:51:57] [Server thread/WARN]: [MythicMobs] --| Error Message: No valid mob types configured
[15:51:57] [Server thread/WARN]: [MythicMobs] ✗ Configuration Error in RandomSpawn RandomSpawns
[15:51:57] [Server thread/WARN]: [MythicMobs] --| File: Unknown
[15:51:57] [Server thread/WARN]: [MythicMobs] --| Error Message: No valid mob types configured
[15:51:57] [Server thread/INFO]: [MythicMobs] Loading Spawn Blocks...
[15:51:57] [Server thread/INFO]: [MythicMobs] ✓ Loaded 26 mobs.
[15:51:57] [Server thread/INFO]: [MythicMobs] ✓ Loaded 3 vanilla mob overrides.
[15:51:57] [Server thread/INFO]: [MythicMobs] ✓ Loaded 0 mob stacks.
[15:51:57] [Server thread/INFO]: [MythicMobs] ✓ Loaded 55 skills.
[15:51:57] [Server thread/INFO]: [MythicMobs] ✓ Loaded 16 random spawns.
[15:51:57] [Server thread/INFO]: [MythicMobs] ✓ Loaded 4 mythic items.
[15:51:57] [Server thread/INFO]: [MythicMobs] ✓ Loaded 2 drop tables.
[15:51:57] [Server thread/INFO]: [MythicMobs] ✓ Loaded 0 mob spawners.
[15:51:57] [Server thread/INFO]: [Mythic] Mythic has finished reloading!
[15:51:57] [Server thread/INFO]: [MythicMobs] Mythic has finished reloading!
[15:53:37] [Server thread/INFO]: [Mythic] Reloading plugin...
[15:53:37] [Server thread/INFO]: [MythicMobs] Saving plugin data...
[15:53:37] [Server thread/INFO]: [MythicMobs] ✓Saving Finished
[15:53:37] [Server thread/INFO]: [MythicMobs] Loading Packs...
[15:53:37] [Server thread/INFO]: [MythicMobs] Loading Items...
[15:53:37] [Server thread/INFO]: [MythicMobs] Loading Item Groups...
[15:53:37] [Server thread/INFO]: [MythicMobs] Loading Skills...
[15:53:38] [Server thread/INFO]: [MythicMobs] Loading Drop Tables...
[15:53:38] [Server thread/INFO]: [MythicMobs] Loading Random Spawns...
[15:53:38] [Server thread/WARN]: [MythicMobs] ✗ Configuration Error in RandomSpawn RandomSpawns
[15:53:38] [Server thread/WARN]: [MythicMobs] --| File: Unknown
[15:53:38] [Server thread/WARN]: [MythicMobs] --| Error Message: No valid mob types configured
[15:53:38] [Server thread/WARN]: [MythicMobs] ✗ Configuration Error in RandomSpawn RandomSpawns
[15:53:38] [Server thread/WARN]: [MythicMobs] --| File: Unknown
[15:53:38] [Server thread/WARN]: [MythicMobs] --| Error Message: No valid mob types configured
[15:53:38] [Server thread/INFO]: [MythicMobs] Loading Spawn Blocks...
[15:53:38] [Server thread/INFO]: [MythicMobs] ✓ Loaded 26 mobs.
[15:53:38] [Server thread/INFO]: [MythicMobs] ✓ Loaded 3 vanilla mob overrides.
[15:53:38] [Server thread/INFO]: [MythicMobs] ✓ Loaded 0 mob stacks.
[15:53:38] [Server thread/INFO]: [MythicMobs] ✓ Loaded 55 skills.
[15:53:38] [Server thread/INFO]: [MythicMobs] ✓ Loaded 16 random spawns.
[15:53:38] [Server thread/INFO]: [MythicMobs] ✓ Loaded 4 mythic items.
[15:53:38] [Server thread/INFO]: [MythicMobs] ✓ Loaded 2 drop tables.
[15:53:38] [Server thread/INFO]: [MythicMobs] ✓ Loaded 0 mob spawners.
[15:53:38] [Server thread/INFO]: [Mythic] Mythic has finished reloading!
[15:53:38] [Server thread/INFO]: [MythicMobs] Mythic has finished reloading!
[15:54:21] [Server thread/INFO]: danieldosantos88 issued server command: /mm mobs spawn MM_GNOLL_PRESA_YEENOGHU 1
[15:58:54] [Server thread/INFO]: Stopping server
[15:58:54] [Server thread/INFO]: [ModelEngine] Disabling ModelEngine vR4.0.8
[15:58:54] [Server thread/INFO]: [MythicMobs] Disabling MythicMobs v5.10.0-${CI_COMMIT_SHORT_SHA}
[15:58:54] [Server thread/INFO]: [MythicMobs] ------------------------------------------------------------
[15:58:54] [Server thread/INFO]: [MythicMobs] - 
[15:58:54] [Server thread/INFO]: [MythicMobs] - Unloading Mythic...
[15:58:54] [Server thread/INFO]: [MythicMobs] - 
[15:58:54] [Server thread/INFO]: [MythicMobs] ------------------------------------------------------------
[15:58:54] [Server thread/INFO]: [MythicMobs] - Spawners saved and unloaded...
[15:58:54] [Server thread/INFO]: [MythicMobs] - Mobs saved and unloaded...
[15:58:54] [Server thread/INFO]: [MythicMobs] Saving plugin data...
[15:58:54] [Server thread/INFO]: [MythicMobs] ✓Saving Finished
[15:58:54] [Server thread/INFO]: [MythicMobs] - Variables saved...
[15:58:54] [Server thread/INFO]: [MythicMobs] - All active settings have been saved!
[15:58:54] [Server thread/INFO]: [MythicMobs] - Mythic has been unloaded!
[15:58:54] [Server thread/INFO]: [MythicMobs] ------------------------------------------------------------
[15:58:54] [Server thread/INFO]: [MythicMobs] Saving plugin data...
[15:58:54] [Server thread/INFO]: [MythicMobs] ✓Saving Finished
[15:58:54] [Server thread/INFO]: Saving players
[15:58:54] [Server thread/INFO]: danieldosantos88 lost connection: Server closed
[15:58:54] [Server thread/INFO]: danieldosantos88 left the game
[15:58:54] [Server thread/INFO]: Saving worlds
[15:58:54] [Server thread/INFO]: Saving chunks for level 'ServerLevel[world]'/minecraft:overworld
[15:58:54] [Server thread/INFO]: [ChunkHolderManager] Waiting 60s for chunk system to halt for world 'world'
[15:58:54] [Server thread/INFO]: [ChunkHolderManager] Halted chunk system for world 'world'
[15:58:54] [Server thread/INFO]: [ChunkHolderManager] Saving all chunkholders for world 'world'
[15:58:56] [Server thread/INFO]: [ChunkHolderManager] Saved 1600 block chunks, 847 entity chunks, 4 poi chunks in world 'world' in 2,44s
[15:58:57] [Server thread/INFO]: Saving chunks for level 'ServerLevel[world_nether]'/minecraft:the_nether
[15:58:57] [Server thread/INFO]: [ChunkHolderManager] Waiting 60s for chunk system to halt for world 'world_nether'
[15:58:57] [Server thread/INFO]: [ChunkHolderManager] Halted chunk system for world 'world_nether'
[15:58:57] [Server thread/INFO]: [ChunkHolderManager] Saving all chunkholders for world 'world_nether'
[15:58:57] [Server thread/INFO]: [ChunkHolderManager] Saved 0 block chunks, 3 entity chunks, 0 poi chunks in world 'world_nether' in 0,01s
[15:58:57] [Server thread/INFO]: Saving chunks for level 'ServerLevel[world_the_end]'/minecraft:the_end
[15:58:57] [Server thread/INFO]: [ChunkHolderManager] Waiting 60s for chunk system to halt for world 'world_the_end'
[15:58:57] [Server thread/INFO]: [ChunkHolderManager] Halted chunk system for world 'world_the_end'
[15:58:57] [Server thread/INFO]: [ChunkHolderManager] Saving all chunkholders for world 'world_the_end'
[15:58:57] [Server thread/INFO]: [ChunkHolderManager] Saved 0 block chunks, 10 entity chunks, 0 poi chunks in world 'world_the_end' in 0,01s
[15:58:57] [Server thread/INFO]: ThreadedAnvilChunkStorage (world): All chunks are saved
[15:58:57] [Server thread/INFO]: ThreadedAnvilChunkStorage (DIM-1): All chunks are saved
[15:58:57] [Server thread/INFO]: ThreadedAnvilChunkStorage (DIM1): All chunks are saved
[15:58:57] [Server thread/INFO]: ThreadedAnvilChunkStorage: All dimensions are saved
